* ******************************************************************************

* iCEcube Report

* Version:            2020.12.27943

* Build Date:         Dec  9 2020 17:31:51

* File Generated:     Jun 26 2023 19:07:37

* Purpose:            General info of design implementation

* Copyright (C) 2006-2010 by Lattice Semiconductor Corp. All rights reserved.

* ******************************************************************************

Synthesis/Placement Summary:
----------------------------
    Status:  Successful
    Runtime: 1 seconds

Device Info:
------------
    Device Family: iCE40
    Device:        iCE40HX8K
    Package:       CT256

Design statistics:
------------------
    FFs:                  0
    LUTs:                 1
    RAMs:                 0
    IOBs:                 5
    GBs:                  0
    PLLs:                 0
    Warm Boots:           0

Logic Resource Utilization:
---------------------------
    Total Logic Cells: 1/7680
        Combinational Logic Cells: 1        out of   7680      0.0130208%
        Sequential Logic Cells:    0        out of   7680      0%
        Logic Tiles:               1        out of   960       0.104167%
    Registers: 
        Logic Registers:           0        out of   7680      0%
        IO Registers:              0        out of   1280      0
    Block RAMs:                    0        out of   32        0%
    Warm Boots:                    0        out of   1         0%
    Pins:
        Input Pins:                0        out of   206       0%
        Output Pins:               5        out of   206       2.42718%
        InOut Pins:                0        out of   206       0%
    Global Buffers:                0        out of   8         0%
    PLLs:                          0        out of   2         0%

IO Bank Utilization:
--------------------
    Bank 3: 0        out of   52        0%
    Bank 1: 5        out of   52        9.61538%
    Bank 0: 0        out of   52        0%
    Bank 2: 0        out of   50        0%

Detailed I/O Info:
------------------
    Output Pins: 
    Pin Number  Direction  IO Standard  Pull Up  IO Bank  IO Function    Signal Name
    ----------  ---------  -----------  -------  -------  -----------    -----------
    B16         Output     SB_LVCMOS    No       1        Simple Output  bit0  
    D14         Output     SB_LVCMOS    No       1        Simple Output  bit1  
    D15         Output     SB_LVCMOS    No       1        Simple Output  bit2  
    E14         Output     SB_LVCMOS    No       1        Simple Output  bit3  
    F15         Output     SB_LVCMOS    No       1        Simple Output  bit4  

